******************************************************************************
                  TI ARM Linker PC v20.2.7                     
******************************************************************************
>> Linked Mon Dec  4 16:12:55 2023

OUTPUT FILE NAME:   <Lab10.out>
ENTRY POINT SYMBOL: "_c_int00_noargs"  address: 00006edd


MEMORY CONFIGURATION

         name            origin    length      used     unused   attr    fill
----------------------  --------  ---------  --------  --------  ----  --------
  FLASH                 00000000   00040000  0000795b  000386a5  R  X
  SRAM                  20000000   00008000  0000332e  00004cd2  RW X


SEGMENT ALLOCATION MAP

run origin  load origin   length   init length attrs members
----------  ----------- ---------- ----------- ----- -------
00000000    00000000    00007960   00007960    r-x
  00000000    00000000    0000026c   0000026c    r-- .intvecs
  0000026c    0000026c    00006ed4   00006ed4    r-x .text
  00007140    00007140    000007cb   000007cb    r-- .const
  00007910    00007910    00000050   00000050    r-- .cinit
20000000    20000000    00003335   00000000    rw-
  20000000    20000000    0000026c   00000000    rw- .vtable
  20000270    20000270    00002000   00000000    rw- .stack
  20002270    20002270    00001000   00000000    rw- .sysmem
  20003270    20003270    00000089   00000000    rw- .bss
  200032fc    200032fc    00000039   00000000    rw- .data


SECTION ALLOCATION MAP

 output                                  attributes/
section   page    origin      length       input sections
--------  ----  ----------  ----------   ----------------
.intvecs   0    00000000    0000026c     
                  00000000    0000026c     tm4c123gh6pm_startup_ccs.obj (.intvecs)

.text      0    0000026c    00006ed4     
                  0000026c    000019f4     objectAlgo_v3.obj (.text)
                  00001c60    00000c20     open_interface.obj (.text)
                  00002880    00000a4e     rtsv7M4_T_le_v4SPD16_eabi.lib : _printfi.c.obj (.text:__TI_printfi)
                  000032ce    00000002                                   : _lock.c.obj (.text:_nop)
                  000032d0    00000738                                   : k_rem_pio2.c.obj (.text:__kernel_rem_pio2)
                  00003a08    0000055c     movement.obj (.text)
                  00003f64    00000508     rtsv7M4_T_le_v4SPD16_eabi.lib : s_tan.c.obj (.text:tan)
                  0000446c    00000328     lcd.obj (.text)
                  00004794    0000031c     rtsv7M4_T_le_v4SPD16_eabi.lib : k_tan.c.obj (.text:__kernel_tan)
                  00004ab0    000002e8     servo.obj (.text)
                  00004d98    00000270     rtsv7M4_T_le_v4SPD16_eabi.lib : _printfi.c.obj (.text:_pconv_a)
                  00005008    00000270     ping.obj (.text)
                  00005278    00000248     Timer.obj (.text)
                  000054c0    000001d0     rtsv7M4_T_le_v4SPD16_eabi.lib : _printfi.c.obj (.text:_pconv_g)
                  00005690    000001b6                                   : fd_add_t2.asm.obj (.text)
                  00005846    00000002                                   : div0.asm.obj (.text)
                  00005848    0000013c                                   : _printfi.c.obj (.text:_pconv_e)
                  00005984    00000136                                   : fd_div_t2.asm.obj (.text)
                  00005aba    00000002     --HOLE-- [fill = 0]
                  00005abc    00000124                                   : _printfi.c.obj (.text:fcvt)
                  00005be0    00000120     adc.obj (.text)
                  00005d00    00000110     rtsv7M4_T_le_v4SPD16_eabi.lib : s_scalbn.c.obj (.text:scalbn)
                  00005e10    00000104     uart.obj (.text)
                  00005f14    00000100     rtsv7M4_T_le_v4SPD16_eabi.lib : memory.c.obj (.text:aligned_alloc)
                  00006014    000000fc                                   : fd_mul_t2.asm.obj (.text)
                  00006110    000000f8                                   : s_floor.c.obj (.text:floor)
                  00006208    000000f0     button.obj (.text)
                  000062f8    000000e4     rtsv7M4_T_le_v4SPD16_eabi.lib : memory.c.obj (.text:free)
                  000063dc    000000c4     LED.obj (.text)
                  000064a0    000000c4     success.obj (.text)
                  00006564    000000b1     rtsv7M4_T_le_v4SPD16_eabi.lib : _printfi.c.obj (.text:_ltostr)
                  00006615    00000001     --HOLE-- [fill = 0]
                  00006616    0000009c                                   : memcpy_t2.asm.obj (.text)
                  000066b2    00000096                                   : ull_div_t2.asm.obj (.text)
                  00006748    00000086                                   : fd_cmp_t2.asm.obj (.text:__aeabi_cdcmple)
                  000067ce    00000086                                   : fd_cmp_t2.asm.obj (.text:__aeabi_cdrcmple)
                  00006854    0000007a                                   : memset_t2.asm.obj (.text)
                  000068ce    00000002     --HOLE-- [fill = 0]
                  000068d0    00000078                                   : s_ceilf.c.obj (.text:ceilf)
                  00006948    00000070                                   : memory.c.obj (.text:split)
                  000069b8    0000006e                                   : _printfi.c.obj (.text:_mcpy)
                  00006a26    0000006e                                   : fd_tos_t2.asm.obj (.text)
                  00006a94    00000068                                   : copy_decompress_lzss.c.obj (.text:decompress:lzss:__TI_decompress_lzss)
                  00006afc    00000064                                   : s_frexp.c.obj (.text:frexp)
                  00006b60    00000056                                   : _printfi.c.obj (.text:_pconv_f)
                  00006bb6    00000054                                   : _ltoa.c.obj (.text:__TI_ltoa)
                  00006c0a    00000052                                   : _printfi.c.obj (.text:_ecpy)
                  00006c5c    0000004c                                   : atoi.c.obj (.text:atoi)
                  00006ca8    00000048                                   : fd_toi_t2.asm.obj (.text)
                  00006cf0    00000044                                   : autoinit.c.obj (.text:__TI_auto_init_nobinit_nopinit:__TI_auto_init_nobinit_nopinit)
                  00006d34    00000044                                   : fd_tou_t2.asm.obj (.text)
                  00006d78    00000040                                   : sprintf.c.obj (.text:sprintf)
                  00006db8    00000040                                   : vsnprintf.c.obj (.text:vsnprintf)
                  00006df8    0000003e                                   : _printfi.c.obj (.text:_fcpy)
                  00006e36    00000002     --HOLE-- [fill = 0]
                  00006e38    00000038                                   : memory.c.obj (.text:calloc)
                  00006e70    00000038                                   : fs_tod_t2.asm.obj (.text)
                  00006ea8    00000034     driverlib.lib : interrupt.obj (.text:IntRegister)
                  00006edc    00000034     rtsv7M4_T_le_v4SPD16_eabi.lib : boot_cortex_m.c.obj (.text:_c_int00_noargs:_c_int00_noargs)
                  00006f10    00000030                                   : vsnprintf.c.obj (.text:_outs)
                  00006f40    0000002e                                   : i_tofd_t2.asm.obj (.text)
                  00006f6e    00000002     --HOLE-- [fill = 0]
                  00006f70    00000028                                   : memory.c.obj (.text:free_list_insert)
                  00006f98    00000020                                   : u_tofd_t2.asm.obj (.text)
                  00006fb8    0000001c                                   : copy_zero_init.c.obj (.text:decompress:ZI:__TI_zero_init_nomemset:__TI_zero_init_nomemset)
                  00006fd4    0000001c                                   : memory.c.obj (.text:free_list_remove)
                  00006ff0    0000001c                                   : memccpy.c.obj (.text:memccpy)
                  0000700c    0000001a                                   : s_copysign.c.obj (.text:copysign)
                  00007026    00000018                                   : vsnprintf.c.obj (.text:_outc)
                  0000703e    00000018                                   : sprintf.c.obj (.text:_outs)
                  00007056    00000018     open_interface.obj (.text:oi_parseInt)
                  0000706e    00000018     rtsv7M4_T_le_v4SPD16_eabi.lib : strcmp.c.obj (.text:strcmp)
                  00007086    00000016                                   : strchr.c.obj (.text:strchr)
                  0000709c    00000014                                   : strcpy.c.obj (.text:strcpy)
                  000070b0    00000014                                   : strlen.c.obj (.text:strlen)
                  000070c4    00000012                                   : wcslen.c.obj (.text:wcslen)
                  000070d6    00000010     driverlib.lib : interrupt.obj (.text:IntMasterEnable)
                  000070e6    00000010     lcd.obj (.text:lcd_clear)
                  000070f6    0000000e     rtsv7M4_T_le_v4SPD16_eabi.lib : copy_decompress_none.c.obj (.text:decompress:none:__TI_decompress_none)
                  00007104    0000000c     driverlib.lib : cpu.obj (.text:CPUcpsie)
                  00007110    0000000c     tm4c123gh6pm_startup_ccs.obj (.text)
                  0000711c    0000000a     rtsv7M4_T_le_v4SPD16_eabi.lib : sprintf.c.obj (.text:_outc)
                  00007126    00000002     --HOLE-- [fill = 0]
                  00007128    00000008                                   : errno.c.obj (.text:__aeabi_errno_addr)
                  00007130    00000008                                   : memory.c.obj (.text:malloc)
                  00007138    00000004                                   : pre_init.c.obj (.text:_system_pre_init)
                  0000713c    00000004                                   : exit.c.obj (.text:abort:abort)

.const     0    00007140    000007cb     
                  00007140    000002d0     objectAlgo_v3.obj (.const:$P$T0$1)
                  00007410    00000158     rtsv7M4_T_le_v4SPD16_eabi.lib : k_rem_pio2.c.obj (.const:$O1$$)
                  00007568    00000101                                   : ctype.c.obj (.const:.string:_ctypes_)
                  00007669    00000003     --HOLE-- [fill = 0]
                  0000766c    000000c8     objectAlgo_v3.obj (.const:$P$T1$2)
                  00007734    00000004     lcd.obj (.const:.string:lineAddress$1)
                  00007738    00000080     rtsv7M4_T_le_v4SPD16_eabi.lib : k_tan.c.obj (.const:xxx)
                  000077b8    00000078     objectAlgo_v3.obj (.const:$P$T2$3)
                  00007830    00000078     objectAlgo_v3.obj (.const:$P$T3$4)
                  000078a8    00000010     success.obj (.const:.string:$P$T0$1)
                  000078b8    00000010     success.obj (.const:.string:$P$T3$4)
                  000078c8    0000000f     open_interface.obj (.const:.string:$P$T0$3)
                  000078d7    0000000e     success.obj (.const:.string:$P$T1$2)
                  000078e5    0000000e     success.obj (.const:.string:$P$T4$5)
                  000078f3    0000000a     success.obj (.const:.string:$P$T2$3)
                  000078fd    0000000a     success.obj (.const:.string:$P$T5$6)
                  00007907    00000004     lcd.obj (.const:.string:lineAddresses$2)

.cinit     0    00007910    00000050     
                  00007910    00000018     (.cinit..data.load) [load image, compression = lzss]
                  00007928    0000000c     (__TI_handler_table)
                  00007934    00000004     --HOLE-- [fill = 0]
                  00007938    00000008     (.cinit..bss.load) [load image, compression = zero_init]
                  00007940    00000008     (.cinit..vtable.load) [load image, compression = zero_init]
                  00007948    00000018     (__TI_cinit_table)

.init_array 
*          0    00000000    00000000     UNINITIALIZED

.vtable    0    20000000    0000026c     UNINITIALIZED
                  20000000    0000026c     driverlib.lib : interrupt.obj (.vtable)

.stack     0    20000270    00002000     UNINITIALIZED
                  20000270    00000004     rtsv7M4_T_le_v4SPD16_eabi.lib : boot_cortex_m.c.obj (.stack)
                  20000274    00001ffc     --HOLE--

.sysmem    0    20002270    00001000     UNINITIALIZED
                  20002270    00000010     rtsv7M4_T_le_v4SPD16_eabi.lib : memory.c.obj (.sysmem)
                  20002280    00000ff0     --HOLE--

.bss       0    20003270    00000089     UNINITIALIZED
                  20003270    00000054     lcd.obj (.bss:lastbuffer$3)
                  200032c4    00000018     open_interface.obj (.bss:firmware$2)
                  200032dc    00000004     (.common:_timeout_ticks)
                  200032e0    00000004     (.common:button_event)
                  200032e4    00000004     (.common:button_num)
                  200032e8    00000004     (.common:crossLines)
                  200032ec    00000004     (.common:falling_time)
                  200032f0    00000004     (.common:rising_time)
                  200032f4    00000004     (.common:timer_overflow)
                  200032f8    00000001     (.common:state)

.data      0    200032fc    00000039     UNINITIALIZED
                  200032fc    00000020     open_interface.obj (.data)
                  2000331c    00000008     rtsv7M4_T_le_v4SPD16_eabi.lib : _lock.c.obj (.data:$O1$$)
                  20003324    00000008                                   : memory.c.obj (.data:$O1$$)
                  2000332c    00000004                                   : errno.c.obj (.data)
                  20003330    00000003     movement.obj (.data)
                  20003333    00000001     Timer.obj (.data)
                  20003334    00000001     button.obj (.data)

__llvm_prf_cnts 
*          0    20000000    00000000     UNINITIALIZED

MODULE SUMMARY

       Module                         code    ro data   rw data
       ------                         ----    -------   -------
    .\
       objectAlgo_v3.obj              6644    1160      4      
       open_interface.obj             3128    15        56     
       movement.obj                   1372    0         3      
       lcd.obj                        824     8         84     
       servo.obj                      744     0         0      
       ping.obj                       624     0         13     
       tm4c123gh6pm_startup_ccs.obj   12      620       0      
       Timer.obj                      584     0         5      
       adc.obj                        288     0         0      
       success.obj                    196     80        0      
       uart.obj                       260     0         0      
       button.obj                     240     0         9      
       LED.obj                        196     0         0      
    +--+------------------------------+-------+---------+---------+
       Total:                         15112   1883      174    
                                                               
    C:/ti/TivaWare_C_Series-2.2.0.295/driverlib/ccs/Debug/driverlib.lib
       interrupt.obj                  68      0         620    
       cpu.obj                        12      0         0      
    +--+------------------------------+-------+---------+---------+
       Total:                         80      0         620    
                                                               
    C:\ti\ccs1230\ccs\tools\compiler\ti-cgt-arm_20.2.7.LTS\lib\rtsv7M4_T_le_v4SPD16_eabi.lib
       _printfi.c.obj                 4851    0         0      
       k_rem_pio2.c.obj               1848    344       0      
       s_tan.c.obj                    1288    0         0      
       k_tan.c.obj                    796     128       0      
       memory.c.obj                   728     0         8      
       fd_add_t2.asm.obj              438     0         0      
       fd_div_t2.asm.obj              310     0         0      
       s_scalbn.c.obj                 272     0         0      
       fd_cmp_t2.asm.obj              268     0         0      
       ctype.c.obj                    0       257       0      
       fd_mul_t2.asm.obj              252     0         0      
       s_floor.c.obj                  248     0         0      
       memcpy_t2.asm.obj              156     0         0      
       ull_div_t2.asm.obj             150     0         0      
       vsnprintf.c.obj                136     0         0      
       memset_t2.asm.obj              122     0         0      
       s_ceilf.c.obj                  120     0         0      
       fd_tos_t2.asm.obj              110     0         0      
       copy_decompress_lzss.c.obj     104     0         0      
       s_frexp.c.obj                  100     0         0      
       sprintf.c.obj                  98      0         0      
       _ltoa.c.obj                    84      0         0      
       atoi.c.obj                     76      0         0      
       fd_toi_t2.asm.obj              72      0         0      
       autoinit.c.obj                 68      0         0      
       fd_tou_t2.asm.obj              68      0         0      
       fs_tod_t2.asm.obj              56      0         0      
       boot_cortex_m.c.obj            52      0         0      
       i_tofd_t2.asm.obj              46      0         0      
       u_tofd_t2.asm.obj              32      0         0      
       copy_zero_init.c.obj           28      0         0      
       memccpy.c.obj                  28      0         0      
       s_copysign.c.obj               26      0         0      
       strcmp.c.obj                   24      0         0      
       strchr.c.obj                   22      0         0      
       strcpy.c.obj                   20      0         0      
       strlen.c.obj                   20      0         0      
       wcslen.c.obj                   18      0         0      
       copy_decompress_none.c.obj     14      0         0      
       errno.c.obj                    8       0         4      
       _lock.c.obj                    2       0         8      
       exit.c.obj                     4       0         0      
       pre_init.c.obj                 4       0         0      
       div0.asm.obj                   2       0         0      
    +--+------------------------------+-------+---------+---------+
       Total:                         13169   729       20     
                                                               
       Heap:                          0       0         4096   
       Stack:                         0       0         8192   
       Linker Generated:              0       76        0      
    +--+------------------------------+-------+---------+---------+
       Grand Total:                   28361   2688      13102  


LINKER GENERATED COPY TABLES

__TI_cinit_table @ 00007948 records: 3, size/record: 8, table size: 24
	.data: load addr=00007910, load size=00000018 bytes, run addr=200032fc, run size=00000039 bytes, compression=lzss
	.bss: load addr=00007938, load size=00000008 bytes, run addr=20003270, run size=00000089 bytes, compression=zero_init
	.vtable: load addr=00007940, load size=00000008 bytes, run addr=20000000, run size=0000026c bytes, compression=zero_init


LINKER GENERATED HANDLER TABLE

__TI_handler_table @ 00007928 records: 3, size/record: 4, table size: 12
	index: 0, handler: __TI_zero_init
	index: 1, handler: __TI_decompress_lzss
	index: 2, handler: __TI_decompress_none


GLOBAL SYMBOLS: SORTED ALPHABETICALLY BY Name 

address   name                          
-------   ----                          
0000713d  C$$EXIT                       
00007105  CPUcpsie                      
000025b7  GPIOF_Handler                 
000070d7  IntMasterEnable               
00006ea9  IntRegister                   
00007111  ResetISR                      
00005009  TIMER3B_Handler               
20002270  __STACK_END                   
00002000  __STACK_SIZE                  
20000470  __STACK_TOP                   
00001000  __SYSMEM_SIZE                 
00007948  __TI_CINIT_Base               
00007960  __TI_CINIT_Limit              
00007928  __TI_Handler_Table_Base       
00007934  __TI_Handler_Table_Limit      
00006cf1  __TI_auto_init_nobinit_nopinit
00006a95  __TI_decompress_lzss          
000070f7  __TI_decompress_none          
00006bb7  __TI_ltoa                     
ffffffff  __TI_pprof_out_hndl           
00002881  __TI_printfi                  
ffffffff  __TI_prof_data_size           
ffffffff  __TI_prof_data_start          
00000000  __TI_static_base__            
00006fb9  __TI_zero_init_nomemset       
00006749  __aeabi_cdcmpeq               
00006749  __aeabi_cdcmple               
000067cf  __aeabi_cdrcmple              
00006a27  __aeabi_d2f                   
00006ca9  __aeabi_d2iz                  
00006d35  __aeabi_d2uiz                 
0000569b  __aeabi_dadd                  
00005985  __aeabi_ddiv                  
00006015  __aeabi_dmul                  
00005691  __aeabi_dsub                  
00007129  __aeabi_errno_addr            
00006e71  __aeabi_f2d                   
00006f41  __aeabi_i2d                   
00005847  __aeabi_idiv0                 
00005847  __aeabi_ldiv0                 
00006855  __aeabi_memclr                
00006855  __aeabi_memclr4               
00006855  __aeabi_memclr8               
00006617  __aeabi_memcpy                
00006617  __aeabi_memcpy4               
00006617  __aeabi_memcpy8               
00006857  __aeabi_memset                
00006857  __aeabi_memset4               
00006857  __aeabi_memset8               
00006f99  __aeabi_ui2d                  
000066b3  __aeabi_uldivmod              
ffffffff  __binit__                     
ffffffff  __c_args__                    
000032d1  __kernel_rem_pio2             
00004795  __kernel_tan                  
UNDEFED   __mpu_init                    
20000270  __stack                       
20000000  __start___llvm_prf_cnts       
20000000  __stop___llvm_prf_cnts        
00006edd  _c_int00_noargs               
00007568  _ctypes_                      
2000331c  _lock                         
000032cf  _nop                          
20003333  _running                      
20002270  _sys_memory                   
UNDEFED   _system_post_cinit            
00007139  _system_pre_init              
200032dc  _timeout_ticks                
20003320  _unlock                       
0000713d  abort                         
00005be1  adc_init                      
00005c75  adc_read                      
00005f15  aligned_alloc                 
00006c5d  atoi                          
00003ee7  avoid_object_left             
00003f11  avoid_object_right            
ffffffff  binit                         
000063dd  botStatus_init                
00006411  botStatus_update              
20003331  bumpedLastLeft                
20003332  bumpedLastRight               
200032e0  button_event                  
00006291  button_getButton              
00006209  button_init                   
200032e4  button_num                    
00006e39  calloc                        
000068d1  ceilf                         
0000700d  copysign                      
0000700d  copysignl                     
200032e8  crossLines                    
2000332c  errno                         
200032ec  falling_time                  
00006111  floor                         
00006111  floorl                        
000062f9  free                          
00006afd  frexp                         
00006afd  frexpl                        
20000000  g_pfnRAMVectors               
00000000  g_pfnVectors                  
00002373  go_charge                     
00006279  gpioe_handler                 
00006235  init_button_interrupts        
000070e7  lcd_clear                     
00004641  lcd_gotoLine                  
000044a9  lcd_init                      
000046a7  lcd_printf                    
00004569  lcd_putc                      
000045a1  lcd_puts                      
0000446d  lcd_reverseNibble             
000045bf  lcd_sendCommand               
000045fd  lcd_sendNibble                
00004669  lcd_setCursorPos              
00005d01  ldexp                         
00005d01  ldexpl                        
20003330  lineCrossed                   
0000026d  main                          
00007131  malloc                        
00005f15  memalign                      
00006ff1  memccpy                       
00006617  memcpy                        
0000685d  memset                        
200032fc  motor_cal_factor_L            
20003300  motor_cal_factor_R            
00003acd  move_backwards                
00003a09  move_forward                  
00003b25  move_forward_with_avoid       
00003a6f  move_forward_without_stop     
00001c61  oi_alloc                      
0000249d  oi_checkFirmware              
00001cbb  oi_close                      
00001c6d  oi_free                       
000027e1  oi_getMotorCalibrationLeft    
000027f5  oi_getMotorCalibrationRight   
00001ca5  oi_init                       
00001c7d  oi_init_noupdate              
00002309  oi_loadSong                   
00007057  oi_parseInt                   
00001d1f  oi_parsePacket                
0000235f  oi_play_song                  
0000223f  oi_setLeds                    
000027a5  oi_setMotorCalibration        
00002283  oi_setWheels                  
00002545  oi_shutoff_init               
00002381  oi_uartInit                   
00002425  oi_uartReceive                
0000246b  oi_uartSendBuff               
00002409  oi_uartSendChar               
0000244d  oi_uartSendStr                
00001ccd  oi_update                     
00005053  ping_init                     
000050f7  ping_read                     
200032f0  rising_time                   
00005d01  scalbn                        
00005d01  scalbnl                       
00004b97  servo_cal                     
00004ab1  servo_init                    
00004b33  servo_move                    
00006d79  sprintf                       
200032f8  state                         
00007087  strchr                        
0000706f  strcmp                        
0000709d  strcpy                        
000070b1  strlen                        
000064a1  success                       
00003f65  tan                           
00003f65  tanl                          
00005397  timer_getMicros               
0000533f  timer_getMillis               
00005279  timer_init                    
200032f4  timer_overflow                
0000531b  timer_pause                   
0000532d  timer_resume                  
000052f1  timer_stop                    
000053f1  timer_waitMicros              
00005423  timer_waitMillis              
00003e13  turn_clockwise                
00003e6b  turn_counterClockwise         
00005e11  uart_init                     
00005eb1  uart_receive                  
00005e95  uart_sendChar                 
00005ecf  uart_sendStr                  
00006db9  vsnprintf                     
000070c5  wcslen                        


GLOBAL SYMBOLS: SORTED BY Symbol Address 

address   name                          
-------   ----                          
00000000  __TI_static_base__            
00000000  g_pfnVectors                  
0000026d  main                          
00001000  __SYSMEM_SIZE                 
00001c61  oi_alloc                      
00001c6d  oi_free                       
00001c7d  oi_init_noupdate              
00001ca5  oi_init                       
00001cbb  oi_close                      
00001ccd  oi_update                     
00001d1f  oi_parsePacket                
00002000  __STACK_SIZE                  
0000223f  oi_setLeds                    
00002283  oi_setWheels                  
00002309  oi_loadSong                   
0000235f  oi_play_song                  
00002373  go_charge                     
00002381  oi_uartInit                   
00002409  oi_uartSendChar               
00002425  oi_uartReceive                
0000244d  oi_uartSendStr                
0000246b  oi_uartSendBuff               
0000249d  oi_checkFirmware              
00002545  oi_shutoff_init               
000025b7  GPIOF_Handler                 
000027a5  oi_setMotorCalibration        
000027e1  oi_getMotorCalibrationLeft    
000027f5  oi_getMotorCalibrationRight   
00002881  __TI_printfi                  
000032cf  _nop                          
000032d1  __kernel_rem_pio2             
00003a09  move_forward                  
00003a6f  move_forward_without_stop     
00003acd  move_backwards                
00003b25  move_forward_with_avoid       
00003e13  turn_clockwise                
00003e6b  turn_counterClockwise         
00003ee7  avoid_object_left             
00003f11  avoid_object_right            
00003f65  tan                           
00003f65  tanl                          
0000446d  lcd_reverseNibble             
000044a9  lcd_init                      
00004569  lcd_putc                      
000045a1  lcd_puts                      
000045bf  lcd_sendCommand               
000045fd  lcd_sendNibble                
00004641  lcd_gotoLine                  
00004669  lcd_setCursorPos              
000046a7  lcd_printf                    
00004795  __kernel_tan                  
00004ab1  servo_init                    
00004b33  servo_move                    
00004b97  servo_cal                     
00005009  TIMER3B_Handler               
00005053  ping_init                     
000050f7  ping_read                     
00005279  timer_init                    
000052f1  timer_stop                    
0000531b  timer_pause                   
0000532d  timer_resume                  
0000533f  timer_getMillis               
00005397  timer_getMicros               
000053f1  timer_waitMicros              
00005423  timer_waitMillis              
00005691  __aeabi_dsub                  
0000569b  __aeabi_dadd                  
00005847  __aeabi_idiv0                 
00005847  __aeabi_ldiv0                 
00005985  __aeabi_ddiv                  
00005be1  adc_init                      
00005c75  adc_read                      
00005d01  ldexp                         
00005d01  ldexpl                        
00005d01  scalbn                        
00005d01  scalbnl                       
00005e11  uart_init                     
00005e95  uart_sendChar                 
00005eb1  uart_receive                  
00005ecf  uart_sendStr                  
00005f15  aligned_alloc                 
00005f15  memalign                      
00006015  __aeabi_dmul                  
00006111  floor                         
00006111  floorl                        
00006209  button_init                   
00006235  init_button_interrupts        
00006279  gpioe_handler                 
00006291  button_getButton              
000062f9  free                          
000063dd  botStatus_init                
00006411  botStatus_update              
000064a1  success                       
00006617  __aeabi_memcpy                
00006617  __aeabi_memcpy4               
00006617  __aeabi_memcpy8               
00006617  memcpy                        
000066b3  __aeabi_uldivmod              
00006749  __aeabi_cdcmpeq               
00006749  __aeabi_cdcmple               
000067cf  __aeabi_cdrcmple              
00006855  __aeabi_memclr                
00006855  __aeabi_memclr4               
00006855  __aeabi_memclr8               
00006857  __aeabi_memset                
00006857  __aeabi_memset4               
00006857  __aeabi_memset8               
0000685d  memset                        
000068d1  ceilf                         
00006a27  __aeabi_d2f                   
00006a95  __TI_decompress_lzss          
00006afd  frexp                         
00006afd  frexpl                        
00006bb7  __TI_ltoa                     
00006c5d  atoi                          
00006ca9  __aeabi_d2iz                  
00006cf1  __TI_auto_init_nobinit_nopinit
00006d35  __aeabi_d2uiz                 
00006d79  sprintf                       
00006db9  vsnprintf                     
00006e39  calloc                        
00006e71  __aeabi_f2d                   
00006ea9  IntRegister                   
00006edd  _c_int00_noargs               
00006f41  __aeabi_i2d                   
00006f99  __aeabi_ui2d                  
00006fb9  __TI_zero_init_nomemset       
00006ff1  memccpy                       
0000700d  copysign                      
0000700d  copysignl                     
00007057  oi_parseInt                   
0000706f  strcmp                        
00007087  strchr                        
0000709d  strcpy                        
000070b1  strlen                        
000070c5  wcslen                        
000070d7  IntMasterEnable               
000070e7  lcd_clear                     
000070f7  __TI_decompress_none          
00007105  CPUcpsie                      
00007111  ResetISR                      
00007129  __aeabi_errno_addr            
00007131  malloc                        
00007139  _system_pre_init              
0000713d  C$$EXIT                       
0000713d  abort                         
00007568  _ctypes_                      
00007928  __TI_Handler_Table_Base       
00007934  __TI_Handler_Table_Limit      
00007948  __TI_CINIT_Base               
00007960  __TI_CINIT_Limit              
20000000  __start___llvm_prf_cnts       
20000000  __stop___llvm_prf_cnts        
20000000  g_pfnRAMVectors               
20000270  __stack                       
20000470  __STACK_TOP                   
20002270  __STACK_END                   
20002270  _sys_memory                   
200032dc  _timeout_ticks                
200032e0  button_event                  
200032e4  button_num                    
200032e8  crossLines                    
200032ec  falling_time                  
200032f0  rising_time                   
200032f4  timer_overflow                
200032f8  state                         
200032fc  motor_cal_factor_L            
20003300  motor_cal_factor_R            
2000331c  _lock                         
20003320  _unlock                       
2000332c  errno                         
20003330  lineCrossed                   
20003331  bumpedLastLeft                
20003332  bumpedLastRight               
20003333  _running                      
ffffffff  __TI_pprof_out_hndl           
ffffffff  __TI_prof_data_size           
ffffffff  __TI_prof_data_start          
ffffffff  __binit__                     
ffffffff  __c_args__                    
ffffffff  binit                         
UNDEFED   __mpu_init                    
UNDEFED   _system_post_cinit            

[183 symbols]
